******************************************************************************
                  MSP430 Linker PC v18.1.4                     
******************************************************************************
>> Linked Sat Oct 12 11:19:37 2019

OUTPUT FILE NAME:   <AD.out>
ENTRY POINT SYMBOL: "_c_int00_noargs"  address: 0000c6e8


MEMORY CONFIGURATION

         name            origin    length      used     unused   attr    fill
----------------------  --------  ---------  --------  --------  ----  --------
  SFR                   00000000   00000010  00000000  00000010  RWIX
  PERIPHERALS_8BIT      00000010   000000f0  00000000  000000f0  RWIX
  PERIPHERALS_16BIT     00000100   00000100  00000000  00000100  RWIX
  RAM                   00000200   00000200  0000009c  00000164  RWIX
  INFOD                 00001000   00000040  00000000  00000040  RWIX
  INFOC                 00001040   00000040  00000000  00000040  RWIX
  INFOB                 00001080   00000040  00000000  00000040  RWIX
  INFOA                 000010c0   00000040  00000000  00000040  RWIX
  FLASH                 0000c000   00003fde  0000083f  0000379f  RWIX
  BSLSIGNATURE          0000ffde   00000002  00000002  00000000  RWIX  ffff 
  INT00                 0000ffe0   00000002  00000002  00000000  RWIX
  INT01                 0000ffe2   00000002  00000000  00000002  RWIX
  INT02                 0000ffe4   00000002  00000002  00000000  RWIX
  INT03                 0000ffe6   00000002  00000002  00000000  RWIX
  INT04                 0000ffe8   00000002  00000000  00000002  RWIX
  INT05                 0000ffea   00000002  00000000  00000002  RWIX
  INT06                 0000ffec   00000002  00000002  00000000  RWIX
  INT07                 0000ffee   00000002  00000002  00000000  RWIX
  INT08                 0000fff0   00000002  00000002  00000000  RWIX
  INT09                 0000fff2   00000002  00000002  00000000  RWIX
  INT10                 0000fff4   00000002  00000002  00000000  RWIX
  INT11                 0000fff6   00000002  00000002  00000000  RWIX
  INT12                 0000fff8   00000002  00000002  00000000  RWIX
  INT13                 0000fffa   00000002  00000002  00000000  RWIX
  INT14                 0000fffc   00000002  00000002  00000000  RWIX
  RESET                 0000fffe   00000002  00000002  00000000  RWIX


SECTION ALLOCATION MAP

 output                                  attributes/
section   page    origin      length       input sections
--------  ----  ----------  ----------   ----------------
.data      0    00000200    0000002b     UNINITIALIZED
                  00000200    00000028     usci_spi.obj (.data:SpiRegisterStore)
                  00000228    00000002     usci_spi.obj (.data)
                  0000022a    00000001     main.obj (.data)

.bss       0    0000022c    00000021     UNINITIALIZED
                  0000022c    00000008     ADS1220.obj (.bss:RcvData)
                  00000234    00000004     main.obj (.bss:tempData$1)
                  00000238    00000004     (.common:PgaGainLevel)
                  0000023c    00000002     (.common:UCxxBR0)
                  0000023e    00000002     (.common:UCxxBR1)
                  00000240    00000002     (.common:UCxxCTL0)
                  00000242    00000002     (.common:UCxxCTL1)
                  00000244    00000002     (.common:UCxxRXBUF)
                  00000246    00000002     (.common:UCxxSTAT)
                  00000248    00000002     (.common:UCxxTXBUF)
                  0000024a    00000001     ADS1220.obj (.bss)
                  0000024b    00000001     (.common:SPIRXIFG)
                  0000024c    00000001     (.common:SPITXIFG)

.stack     0    000003b0    00000050     UNINITIALIZED
                  000003b0    00000002     rts430_eabi.lib : boot.c.obj (.stack)
                  000003b2    0000004e     --HOLE--

.text      0    0000c000    00000792     
                  0000c000    00000144     usci_spi.obj (.text:Setup_SPI_Master)
                  0000c144    000000cc     ADS1220.obj (.text:Setup_ADS1220)
                  0000c210    000000b2     main.obj (.text:main)
                  0000c2c2    0000009a     usci_spi.obj (.text:RegisterSpiDevice)
                  0000c35c    0000009a     usci_spi.obj (.text:SPI_Write)
                  0000c3f6    00000094     usci_uart.obj (.text:Setup_UART)
                  0000c48a    0000007c     rts430_eabi.lib : copy_decompress_lzss.c.obj (.text:decompress:lzss:__TI_decompress_lzss)
                  0000c506    00000050     ADS1220.obj (.text:ADS1220_Write_Regs)
                  0000c556    0000004c     rts430_eabi.lib : lsr16.asm.obj (.text)
                  0000c5a2    00000042                     : autoinit.c.obj (.text:__TI_auto_init_nobinit_nopinit:__TI_auto_init_nobinit_nopinit)
                  0000c5e4    00000030     ADS1220.obj (.text:ADS1220_Get_Conversion_Data)
                  0000c614    0000002c     rts430_eabi.lib : lsl16.asm.obj (.text)
                  0000c640    00000026     main.obj (.text:Setup_IO)
                  0000c666    00000022     ADS1220.obj (.text:ADS1220_Reset)
                  0000c688    00000022     usci_spi.obj (.text:SPI_Write_Byte)
                  0000c6aa    00000020     ADS1220.obj (.text:ADS1220_Start)
                  0000c6ca    0000001e     main.obj (.text:PORT2_ISR)
                  0000c6e8    0000001c     rts430_eabi.lib : boot.c.obj (.text:_c_int00_noargs)
                  0000c704    00000014     usci_spi.obj (.text:Change_SPI_Phase)
                  0000c718    00000014     rts430_eabi.lib : copy_zero_init.c.obj (.text:decompress:ZI:__TI_zero_init_nomemset:__TI_zero_init_nomemset)
                  0000c72c    00000014                     : mult16.asm.obj (.text)
                  0000c740    00000012                     : copy_decompress_none.c.obj (.text:decompress:none:__TI_decompress_none)
                  0000c752    00000012                     : memcpy.c.obj (.text:memcpy)
                  0000c764    00000010                     : epilog.asm.obj (.text)
                  0000c774    0000000a     ADS1220.obj (.text:Setup_ADS1220_CS)
                  0000c77e    00000008     rts430_eabi.lib : isr_trap.asm.obj (.text:_isr:__TI_ISR_TRAP)
                  0000c786    00000006                     : exit.c.obj (.text:abort)
                  0000c78c    00000004                     : pre_init.c.obj (.text:_system_pre_init)
                  0000c790    00000002                     : startup.c.obj (.text:_system_post_cinit)

.const     0    0000c792    0000008f     
                  0000c792    00000064     usci_uart.obj (.const:UART_ClockRates)
                  0000c7f6    00000028     usci_spi.obj (.const:SPI_ClockRates)
                  0000c81e    00000003     ADS1220.obj (.const:.string:$P$T1$2)

.cinit     0    0000c822    0000001e     
                  0000c822    0000000b     (.cinit..data.load) [load image, compression = lzss]
                  0000c82d    00000001     --HOLE-- [fill = 0]
                  0000c82e    00000006     (__TI_handler_table)
                  0000c834    00000004     (.cinit..bss.load) [load image, compression = zero_init]
                  0000c838    00000008     (__TI_cinit_table)

.binit     0    0000c000    00000000     

.init_array 
*          0    0000c000    00000000     UNINITIALIZED

TRAPINT    0    0000ffe0    00000002     
                  0000ffe0    00000002     rts430_eabi.lib : int00.asm.obj (.int00)

PORT1      0    0000ffe4    00000002     
                  0000ffe4    00000002     rts430_eabi.lib : int02.asm.obj (.int02)

PORT2      0    0000ffe6    00000002     
                  0000ffe6    00000002     main.obj (.int03)

USCIAB0TX 
*          0    0000ffec    00000002     
                  0000ffec    00000002     rts430_eabi.lib : int06.asm.obj (.int06)

USCIAB0RX 
*          0    0000ffee    00000002     
                  0000ffee    00000002     rts430_eabi.lib : int07.asm.obj (.int07)

TIMER0_A1 
*          0    0000fff0    00000002     
                  0000fff0    00000002     rts430_eabi.lib : int08.asm.obj (.int08)

TIMER0_A0 
*          0    0000fff2    00000002     
                  0000fff2    00000002     rts430_eabi.lib : int09.asm.obj (.int09)

WDT        0    0000fff4    00000002     
                  0000fff4    00000002     rts430_eabi.lib : int10.asm.obj (.int10)

COMPARATORA 
*          0    0000fff6    00000002     
                  0000fff6    00000002     rts430_eabi.lib : int11.asm.obj (.int11)

TIMER1_A1 
*          0    0000fff8    00000002     
                  0000fff8    00000002     rts430_eabi.lib : int12.asm.obj (.int12)

TIMER1_A0 
*          0    0000fffa    00000002     
                  0000fffa    00000002     rts430_eabi.lib : int13.asm.obj (.int13)

NMI        0    0000fffc    00000002     
                  0000fffc    00000002     rts430_eabi.lib : int14.asm.obj (.int14)

.reset     0    0000fffe    00000002     
                  0000fffe    00000002     rts430_eabi.lib : boot.c.obj (.reset)

$fill000   0    0000ffde    00000002     
                  0000ffde    00000002     --HOLE-- [fill = ffff]

MODULE SUMMARY

       Module                       code   ro data   rw data
       ------                       ----   -------   -------
    .\
       main.obj                     246    2         5      
    +--+----------------------------+------+---------+---------+
       Total:                       246    2         5      
                                                            
    .\driverlib\
       usci_spi.obj                 686    40        58     
       ADS1220.obj                  408    3         13     
       usci_uart.obj                148    100       0      
    +--+----------------------------+------+---------+---------+
       Total:                       1242   143       71     
                                                            
    D:\ti\ccsv8\tools\compiler\ti-cgt-msp430_18.1.4.LTS\lib\rts430_eabi.lib
       copy_decompress_lzss.c.obj   124    0         0      
       lsr16.asm.obj                76     0         0      
       autoinit.c.obj               66     0         0      
       lsl16.asm.obj                44     0         0      
       boot.c.obj                   28     2         0      
       copy_zero_init.c.obj         20     0         0      
       mult16.asm.obj               20     0         0      
       copy_decompress_none.c.obj   18     0         0      
       memcpy.c.obj                 18     0         0      
       epilog.asm.obj               16     0         0      
       isr_trap.asm.obj             8      0         0      
       exit.c.obj                   6      0         0      
       pre_init.c.obj               4      0         0      
       int00.asm.obj                0      2         0      
       int02.asm.obj                0      2         0      
       int06.asm.obj                0      2         0      
       int07.asm.obj                0      2         0      
       int08.asm.obj                0      2         0      
       int09.asm.obj                0      2         0      
       int10.asm.obj                0      2         0      
       int11.asm.obj                0      2         0      
       int12.asm.obj                0      2         0      
       int13.asm.obj                0      2         0      
       int14.asm.obj                0      2         0      
       startup.c.obj                2      0         0      
    +--+----------------------------+------+---------+---------+
       Total:                       450    24        0      
                                                            
       Stack:                       0      0         80     
       Linker Generated:            0      29        0      
    +--+----------------------------+------+---------+---------+
       Grand Total:                 1938   198       156    


LINKER GENERATED COPY TABLES

__TI_cinit_table @ 0000c838 records: 2, size/record: 4, table size: 8
	.data: load addr=0000c822, load size=0000000b bytes, run addr=00000200, run size=0000002b bytes, compression=lzss
	.bss: load addr=0000c834, load size=00000004 bytes, run addr=0000022c, run size=00000021 bytes, compression=zero_init


LINKER GENERATED HANDLER TABLE

__TI_handler_table @ 0000c82e records: 3, size/record: 2, table size: 6
	index: 0, handler: __TI_zero_init
	index: 1, handler: __TI_decompress_lzss
	index: 2, handler: __TI_decompress_none


GLOBAL SYMBOLS: SORTED ALPHABETICALLY BY Name 

address   name                          
-------   ----                          
0000c5e4  ADS1220_Get_Conversion_Data   
0000c666  ADS1220_Reset                 
0000c6aa  ADS1220_Start                 
0000c506  ADS1220_Write_Regs            
00000057  BCSCTL1                       
00000058  BCSCTL2                       
00000053  BCSCTL3                       
0000c786  C$$EXIT                       
00000059  CACTL1                        
0000005a  CACTL2                        
000010fb  CALBC1_12MHZ                  
000010f9  CALBC1_16MHZ                  
000010ff  CALBC1_1MHZ                   
000010fd  CALBC1_8MHZ                   
000010fa  CALDCO_12MHZ                  
000010f8  CALDCO_16MHZ                  
000010fe  CALDCO_1MHZ                   
000010fc  CALDCO_8MHZ                   
0000005b  CAPD                          
0000c704  Change_SPI_Phase              
00000056  DCOCTL                        
00000128  FCTL1                         
0000012a  FCTL2                         
0000012c  FCTL3                         
00000000  IE1                           
00000001  IE2                           
00000002  IFG1                          
00000003  IFG2                          
00000022  P1DIR                         
00000025  P1IE                          
00000024  P1IES                         
00000023  P1IFG                         
00000020  P1IN                          
00000021  P1OUT                         
00000027  P1REN                         
00000026  P1SEL                         
00000041  P1SEL2                        
0000002a  P2DIR                         
0000002d  P2IE                          
0000002c  P2IES                         
0000002b  P2IFG                         
00000028  P2IN                          
00000029  P2OUT                         
0000002f  P2REN                         
0000002e  P2SEL                         
00000042  P2SEL2                        
0000001a  P3DIR                         
00000018  P3IN                          
00000019  P3OUT                         
00000010  P3REN                         
0000001b  P3SEL                         
00000043  P3SEL2                        
0000c6ca  PORT2_ISR                     
00000238  PgaGainLevel                  
0000022a  ReadConversionData            
0000c2c2  RegisterSpiDevice             
0000024b  SPIRXIFG                      
0000024c  SPITXIFG                      
0000c35c  SPI_Write                     
0000c688  SPI_Write_Byte                
0000c144  Setup_ADS1220                 
0000c774  Setup_ADS1220_CS              
0000c640  Setup_IO                      
0000c000  Setup_SPI_Master              
0000c3f6  Setup_UART                    
00000172  TA0CCR0                       
00000174  TA0CCR1                       
00000176  TA0CCR2                       
00000162  TA0CCTL0                      
00000164  TA0CCTL1                      
00000166  TA0CCTL2                      
00000160  TA0CTL                        
0000012e  TA0IV                         
00000170  TA0R                          
00000192  TA1CCR0                       
00000194  TA1CCR1                       
00000196  TA1CCR2                       
00000182  TA1CCTL0                      
00000184  TA1CCTL1                      
00000186  TA1CCTL2                      
00000180  TA1CTL                        
0000011e  TA1IV                         
00000190  TA1R                          
000010db  TLV_ADC10_1_LEN               
000010da  TLV_ADC10_1_TAG               
000010c0  TLV_CHECKSUM                  
000010f7  TLV_DCO_30_LEN                
000010f6  TLV_DCO_30_TAG                
0000005d  UCA0ABCTL                     
00000062  UCA0BR0                       
00000063  UCA0BR1                       
00000060  UCA0CTL0                      
00000061  UCA0CTL1                      
0000005f  UCA0IRRCTL                    
0000005e  UCA0IRTCTL                    
00000064  UCA0MCTL                      
00000066  UCA0RXBUF                     
00000065  UCA0STAT                      
00000067  UCA0TXBUF                     
0000006a  UCB0BR0                       
0000006b  UCB0BR1                       
00000068  UCB0CTL0                      
00000069  UCB0CTL1                      
0000006c  UCB0I2CIE                     
00000118  UCB0I2COA                     
0000011a  UCB0I2CSA                     
0000006e  UCB0RXBUF                     
0000006d  UCB0STAT                      
0000006f  UCB0TXBUF                     
0000023c  UCxxBR0                       
0000023e  UCxxBR1                       
00000240  UCxxCTL0                      
00000242  UCxxCTL1                      
00000244  UCxxRXBUF                     
00000246  UCxxSTAT                      
00000248  UCxxTXBUF                     
00000120  WDTCTL                        
00000400  __STACK_END                   
00000050  __STACK_SIZE                  
0000c838  __TI_CINIT_Base               
0000c840  __TI_CINIT_Limit              
0000c82e  __TI_Handler_Table_Base       
0000c834  __TI_Handler_Table_Limit      
0000c77e  __TI_ISR_TRAP                 
0000c5a2  __TI_auto_init_nobinit_nopinit
0000c48a  __TI_decompress_lzss          
0000c740  __TI_decompress_none          
0000ffe0  __TI_int00                    
0000ffe4  __TI_int02                    
0000ffe6  __TI_int03                    
0000ffec  __TI_int06                    
0000ffee  __TI_int07                    
0000fff0  __TI_int08                    
0000fff2  __TI_int09                    
0000fff4  __TI_int10                    
0000fff6  __TI_int11                    
0000fff8  __TI_int12                    
0000fffa  __TI_int13                    
0000fffc  __TI_int14                    
ffffffff  __TI_pprof_out_hndl           
ffffffff  __TI_prof_data_size           
ffffffff  __TI_prof_data_start          
0000c718  __TI_zero_init_nomemset       
ffffffff  __c_args__                    
0000c770  __mspabi_func_epilog_1        
0000c76e  __mspabi_func_epilog_2        
0000c76c  __mspabi_func_epilog_3        
0000c76a  __mspabi_func_epilog_4        
0000c768  __mspabi_func_epilog_5        
0000c766  __mspabi_func_epilog_6        
0000c764  __mspabi_func_epilog_7        
0000c72c  __mspabi_mpyi                 
0000c72c  __mspabi_mpyi_sw              
0000c614  __mspabi_slli                 
0000c63c  __mspabi_slli_1               
0000c62a  __mspabi_slli_10              
0000c628  __mspabi_slli_11              
0000c626  __mspabi_slli_12              
0000c624  __mspabi_slli_13              
0000c622  __mspabi_slli_14              
0000c620  __mspabi_slli_15              
0000c63a  __mspabi_slli_2               
0000c638  __mspabi_slli_3               
0000c636  __mspabi_slli_4               
0000c634  __mspabi_slli_5               
0000c632  __mspabi_slli_6               
0000c630  __mspabi_slli_7               
0000c62e  __mspabi_slli_8               
0000c62c  __mspabi_slli_9               
0000c556  __mspabi_srli                 
0000c59c  __mspabi_srli_1               
0000c578  __mspabi_srli_10              
0000c574  __mspabi_srli_11              
0000c570  __mspabi_srli_12              
0000c56c  __mspabi_srli_13              
0000c568  __mspabi_srli_14              
0000c564  __mspabi_srli_15              
0000c598  __mspabi_srli_2               
0000c594  __mspabi_srli_3               
0000c590  __mspabi_srli_4               
0000c58c  __mspabi_srli_5               
0000c588  __mspabi_srli_6               
0000c584  __mspabi_srli_7               
0000c580  __mspabi_srli_8               
0000c57c  __mspabi_srli_9               
0000c6e8  _c_int00_noargs               
0000fffe  _reset_vector                 
000003b0  _stack                        
0000c790  _system_post_cinit            
0000c78c  _system_pre_init              
0000c786  abort                         
0000c210  main                          
0000c752  memcpy                        


GLOBAL SYMBOLS: SORTED BY Symbol Address 

address   name                          
-------   ----                          
00000000  IE1                           
00000001  IE2                           
00000002  IFG1                          
00000003  IFG2                          
00000010  P3REN                         
00000018  P3IN                          
00000019  P3OUT                         
0000001a  P3DIR                         
0000001b  P3SEL                         
00000020  P1IN                          
00000021  P1OUT                         
00000022  P1DIR                         
00000023  P1IFG                         
00000024  P1IES                         
00000025  P1IE                          
00000026  P1SEL                         
00000027  P1REN                         
00000028  P2IN                          
00000029  P2OUT                         
0000002a  P2DIR                         
0000002b  P2IFG                         
0000002c  P2IES                         
0000002d  P2IE                          
0000002e  P2SEL                         
0000002f  P2REN                         
00000041  P1SEL2                        
00000042  P2SEL2                        
00000043  P3SEL2                        
00000050  __STACK_SIZE                  
00000053  BCSCTL3                       
00000056  DCOCTL                        
00000057  BCSCTL1                       
00000058  BCSCTL2                       
00000059  CACTL1                        
0000005a  CACTL2                        
0000005b  CAPD                          
0000005d  UCA0ABCTL                     
0000005e  UCA0IRTCTL                    
0000005f  UCA0IRRCTL                    
00000060  UCA0CTL0                      
00000061  UCA0CTL1                      
00000062  UCA0BR0                       
00000063  UCA0BR1                       
00000064  UCA0MCTL                      
00000065  UCA0STAT                      
00000066  UCA0RXBUF                     
00000067  UCA0TXBUF                     
00000068  UCB0CTL0                      
00000069  UCB0CTL1                      
0000006a  UCB0BR0                       
0000006b  UCB0BR1                       
0000006c  UCB0I2CIE                     
0000006d  UCB0STAT                      
0000006e  UCB0RXBUF                     
0000006f  UCB0TXBUF                     
00000118  UCB0I2COA                     
0000011a  UCB0I2CSA                     
0000011e  TA1IV                         
00000120  WDTCTL                        
00000128  FCTL1                         
0000012a  FCTL2                         
0000012c  FCTL3                         
0000012e  TA0IV                         
00000160  TA0CTL                        
00000162  TA0CCTL0                      
00000164  TA0CCTL1                      
00000166  TA0CCTL2                      
00000170  TA0R                          
00000172  TA0CCR0                       
00000174  TA0CCR1                       
00000176  TA0CCR2                       
00000180  TA1CTL                        
00000182  TA1CCTL0                      
00000184  TA1CCTL1                      
00000186  TA1CCTL2                      
00000190  TA1R                          
00000192  TA1CCR0                       
00000194  TA1CCR1                       
00000196  TA1CCR2                       
0000022a  ReadConversionData            
00000238  PgaGainLevel                  
0000023c  UCxxBR0                       
0000023e  UCxxBR1                       
00000240  UCxxCTL0                      
00000242  UCxxCTL1                      
00000244  UCxxRXBUF                     
00000246  UCxxSTAT                      
00000248  UCxxTXBUF                     
0000024b  SPIRXIFG                      
0000024c  SPITXIFG                      
000003b0  _stack                        
00000400  __STACK_END                   
000010c0  TLV_CHECKSUM                  
000010da  TLV_ADC10_1_TAG               
000010db  TLV_ADC10_1_LEN               
000010f6  TLV_DCO_30_TAG                
000010f7  TLV_DCO_30_LEN                
000010f8  CALDCO_16MHZ                  
000010f9  CALBC1_16MHZ                  
000010fa  CALDCO_12MHZ                  
000010fb  CALBC1_12MHZ                  
000010fc  CALDCO_8MHZ                   
000010fd  CALBC1_8MHZ                   
000010fe  CALDCO_1MHZ                   
000010ff  CALBC1_1MHZ                   
0000c000  Setup_SPI_Master              
0000c144  Setup_ADS1220                 
0000c210  main                          
0000c2c2  RegisterSpiDevice             
0000c35c  SPI_Write                     
0000c3f6  Setup_UART                    
0000c48a  __TI_decompress_lzss          
0000c506  ADS1220_Write_Regs            
0000c556  __mspabi_srli                 
0000c564  __mspabi_srli_15              
0000c568  __mspabi_srli_14              
0000c56c  __mspabi_srli_13              
0000c570  __mspabi_srli_12              
0000c574  __mspabi_srli_11              
0000c578  __mspabi_srli_10              
0000c57c  __mspabi_srli_9               
0000c580  __mspabi_srli_8               
0000c584  __mspabi_srli_7               
0000c588  __mspabi_srli_6               
0000c58c  __mspabi_srli_5               
0000c590  __mspabi_srli_4               
0000c594  __mspabi_srli_3               
0000c598  __mspabi_srli_2               
0000c59c  __mspabi_srli_1               
0000c5a2  __TI_auto_init_nobinit_nopinit
0000c5e4  ADS1220_Get_Conversion_Data   
0000c614  __mspabi_slli                 
0000c620  __mspabi_slli_15              
0000c622  __mspabi_slli_14              
0000c624  __mspabi_slli_13              
0000c626  __mspabi_slli_12              
0000c628  __mspabi_slli_11              
0000c62a  __mspabi_slli_10              
0000c62c  __mspabi_slli_9               
0000c62e  __mspabi_slli_8               
0000c630  __mspabi_slli_7               
0000c632  __mspabi_slli_6               
0000c634  __mspabi_slli_5               
0000c636  __mspabi_slli_4               
0000c638  __mspabi_slli_3               
0000c63a  __mspabi_slli_2               
0000c63c  __mspabi_slli_1               
0000c640  Setup_IO                      
0000c666  ADS1220_Reset                 
0000c688  SPI_Write_Byte                
0000c6aa  ADS1220_Start                 
0000c6ca  PORT2_ISR                     
0000c6e8  _c_int00_noargs               
0000c704  Change_SPI_Phase              
0000c718  __TI_zero_init_nomemset       
0000c72c  __mspabi_mpyi                 
0000c72c  __mspabi_mpyi_sw              
0000c740  __TI_decompress_none          
0000c752  memcpy                        
0000c764  __mspabi_func_epilog_7        
0000c766  __mspabi_func_epilog_6        
0000c768  __mspabi_func_epilog_5        
0000c76a  __mspabi_func_epilog_4        
0000c76c  __mspabi_func_epilog_3        
0000c76e  __mspabi_func_epilog_2        
0000c770  __mspabi_func_epilog_1        
0000c774  Setup_ADS1220_CS              
0000c77e  __TI_ISR_TRAP                 
0000c786  C$$EXIT                       
0000c786  abort                         
0000c78c  _system_pre_init              
0000c790  _system_post_cinit            
0000c82e  __TI_Handler_Table_Base       
0000c834  __TI_Handler_Table_Limit      
0000c838  __TI_CINIT_Base               
0000c840  __TI_CINIT_Limit              
0000ffe0  __TI_int00                    
0000ffe4  __TI_int02                    
0000ffe6  __TI_int03                    
0000ffec  __TI_int06                    
0000ffee  __TI_int07                    
0000fff0  __TI_int08                    
0000fff2  __TI_int09                    
0000fff4  __TI_int10                    
0000fff6  __TI_int11                    
0000fff8  __TI_int12                    
0000fffa  __TI_int13                    
0000fffc  __TI_int14                    
0000fffe  _reset_vector                 
ffffffff  __TI_pprof_out_hndl           
ffffffff  __TI_prof_data_size           
ffffffff  __TI_prof_data_start          
ffffffff  __c_args__                    

[193 symbols]
